// Jest Snapshot v1, https://goo.gl/fbAQLP

exports[`Should render the expense dashboard page to screen 1`] = `
<div>
  <Connect(ExpenseListFilters) />
  <Connect(ExpenseList) />
</div>
`;
